I'm sorry, but errors were detected in your script. Please correct the
errors listed below, and try again.


File "game/0GUI/03 say.rpy", line 17: Line is indented, but the preceding xsize statement does not expect a block. Please check this line's indentation.
    label what id "what" background None text_size 30 foreground None
    ^

Ren'Py Version: Ren'Py 7.3.5.606
Wed Jan 01 19:43:36 2020
